// Vitest Snapshot v1, https://vitest.dev/guide/snapshot.html

exports[`Icon > should render back icon from the Icons Set 1`] = `true`;

exports[`Icon > should render back icon from the Icons Set 2`] = `true`;

exports[`Icon > should render back icon from the Icons Set 3`] = `true`;

exports[`Icon > should render back icon from the Icons Set 4`] = `true`;

exports[`Icon > should render back icon from the Icons Set 5`] = `true`;

exports[`Icon > should render check icon from the Icons Set 1`] = `true`;

exports[`Icon > should render check icon from the Icons Set 2`] = `true`;

exports[`Icon > should render check icon from the Icons Set 3`] = `true`;

exports[`Icon > should render check icon from the Icons Set 4`] = `true`;

exports[`Icon > should render check icon from the Icons Set 5`] = `true`;
